1,2
1,3
1,104
1,1
2,2
2,3
2,104
2,1
3,2
3,3
3,104
3,1
4,2
4,3
4,104
4,1
5,2
5,3
5,104
5,1
6,2
6,3
6,104
6,1