1,4,1,50
1,1,2,50
1,3,2,50
1,4,2,50
1,4,3,50
1,1,3,50