1,200,50,103,1,1,1,101
1,200,50,103,1,1,1,102
2,200,200,107,2,8,2,101