1,2,1,101,1
1,3,1,102,1
3,2,3,101,1
1,2,1,101,2
1,3,1,102,2
3,2,3,101,2
3,2,3,101,3
1,2,1,101,3
1,2,1,101,4
1,3,1,102,3
3,2,3,101,4
1,2,1,101,5
1,3,1,102,4
1,3,1,102,5
3,2,3,101,5
1,2,1,101,6
1,3,1,102,6
3,2,3,101,6